Archive member included to satisfy reference by file (symbol)

c:/st/stm32cubeide_1.7.0/stm32cubeide/plugins/com.st.stm32cube.ide.mcu.externaltools.gnu-tools-for-stm32.9-2020-q2-update.win32_2.0.0.202105311346/tools/bin/../lib/gcc/arm-none-eabi/9.3.1/../../../../arm-none-eabi/lib/thumb/v7-m/nofp\libc_nano.a(lib_a-errno.o)
                              ./Core/Src/syscalls.o (__errno)
c:/st/stm32cubeide_1.7.0/stm32cubeide/plugins/com.st.stm32cube.ide.mcu.externaltools.gnu-tools-for-stm32.9-2020-q2-update.win32_2.0.0.202105311346/tools/bin/../lib/gcc/arm-none-eabi/9.3.1/../../../../arm-none-eabi/lib/thumb/v7-m/nofp\libc_nano.a(lib_a-exit.o)
                              c:/st/stm32cubeide_1.7.0/stm32cubeide/plugins/com.st.stm32cube.ide.mcu.externaltools.gnu-tools-for-stm32.9-2020-q2-update.win32_2.0.0.202105311346/tools/bin/../lib/gcc/arm-none-eabi/9.3.1/../../../../arm-none-eabi/lib/thumb/v7-m/nofp/crt0.o (exit)
c:/st/stm32cubeide_1.7.0/stm32cubeide/plugins/com.st.stm32cube.ide.mcu.externaltools.gnu-tools-for-stm32.9-2020-q2-update.win32_2.0.0.202105311346/tools/bin/../lib/gcc/arm-none-eabi/9.3.1/../../../../arm-none-eabi/lib/thumb/v7-m/nofp\libc_nano.a(lib_a-impure.o)
                              c:/st/stm32cubeide_1.7.0/stm32cubeide/plugins/com.st.stm32cube.ide.mcu.externaltools.gnu-tools-for-stm32.9-2020-q2-update.win32_2.0.0.202105311346/tools/bin/../lib/gcc/arm-none-eabi/9.3.1/../../../../arm-none-eabi/lib/thumb/v7-m/nofp\libc_nano.a(lib_a-exit.o) (_global_impure_ptr)
c:/st/stm32cubeide_1.7.0/stm32cubeide/plugins/com.st.stm32cube.ide.mcu.externaltools.gnu-tools-for-stm32.9-2020-q2-update.win32_2.0.0.202105311346/tools/bin/../lib/gcc/arm-none-eabi/9.3.1/../../../../arm-none-eabi/lib/thumb/v7-m/nofp\libc_nano.a(lib_a-init.o)
                              c:/st/stm32cubeide_1.7.0/stm32cubeide/plugins/com.st.stm32cube.ide.mcu.externaltools.gnu-tools-for-stm32.9-2020-q2-update.win32_2.0.0.202105311346/tools/bin/../lib/gcc/arm-none-eabi/9.3.1/../../../../arm-none-eabi/lib/thumb/v7-m/nofp/crt0.o (__libc_init_array)
c:/st/stm32cubeide_1.7.0/stm32cubeide/plugins/com.st.stm32cube.ide.mcu.externaltools.gnu-tools-for-stm32.9-2020-q2-update.win32_2.0.0.202105311346/tools/bin/../lib/gcc/arm-none-eabi/9.3.1/../../../../arm-none-eabi/lib/thumb/v7-m/nofp\libc_nano.a(lib_a-memset.o)
                              c:/st/stm32cubeide_1.7.0/stm32cubeide/plugins/com.st.stm32cube.ide.mcu.externaltools.gnu-tools-for-stm32.9-2020-q2-update.win32_2.0.0.202105311346/tools/bin/../lib/gcc/arm-none-eabi/9.3.1/../../../../arm-none-eabi/lib/thumb/v7-m/nofp/crt0.o (memset)

Allocating common symbols
Common symbol       size              file

uwTick              0x4               ./Drivers/STM32F1xx_HAL_Driver/Src/stm32f1xx_hal.o
pFlash              0x20              ./Drivers/STM32F1xx_HAL_Driver/Src/stm32f1xx_hal_flash.o
led_buffer          0x1               ./Core/Src/displaysevensegment.o
htim2               0x48              ./Core/Src/main.o

Discarded input sections

 .text          0x0000000000000000        0x0 c:/st/stm32cubeide_1.7.0/stm32cubeide/plugins/com.st.stm32cube.ide.mcu.externaltools.gnu-tools-for-stm32.9-2020-q2-update.win32_2.0.0.202105311346/tools/bin/../lib/gcc/arm-none-eabi/9.3.1/thumb/v7-m/nofp/crti.o
 .data          0x0000000000000000        0x0 c:/st/stm32cubeide_1.7.0/stm32cubeide/plugins/com.st.stm32cube.ide.mcu.externaltools.gnu-tools-for-stm32.9-2020-q2-update.win32_2.0.0.202105311346/tools/bin/../lib/gcc/arm-none-eabi/9.3.1/thumb/v7-m/nofp/crti.o
 .bss           0x0000000000000000        0x0 c:/st/stm32cubeide_1.7.0/stm32cubeide/plugins/com.st.stm32cube.ide.mcu.externaltools.gnu-tools-for-stm32.9-2020-q2-update.win32_2.0.0.202105311346/tools/bin/../lib/gcc/arm-none-eabi/9.3.1/thumb/v7-m/nofp/crti.o
 .data          0x0000000000000000        0x4 c:/st/stm32cubeide_1.7.0/stm32cubeide/plugins/com.st.stm32cube.ide.mcu.externaltools.gnu-tools-for-stm32.9-2020-q2-update.win32_2.0.0.202105311346/tools/bin/../lib/gcc/arm-none-eabi/9.3.1/thumb/v7-m/nofp/crtbegin.o
 .text          0x0000000000000000       0x7c c:/st/stm32cubeide_1.7.0/stm32cubeide/plugins/com.st.stm32cube.ide.mcu.externaltools.gnu-tools-for-stm32.9-2020-q2-update.win32_2.0.0.202105311346/tools/bin/../lib/gcc/arm-none-eabi/9.3.1/../../../../arm-none-eabi/lib/thumb/v7-m/nofp/crt0.o
 .data          0x0000000000000000        0x0 c:/st/stm32cubeide_1.7.0/stm32cubeide/plugins/com.st.stm32cube.ide.mcu.externaltools.gnu-tools-for-stm32.9-2020-q2-update.win32_2.0.0.202105311346/tools/bin/../lib/gcc/arm-none-eabi/9.3.1/../../../../arm-none-eabi/lib/thumb/v7-m/nofp/crt0.o
 .bss           0x0000000000000000        0x0 c:/st/stm32cubeide_1.7.0/stm32cubeide/plugins/com.st.stm32cube.ide.mcu.externaltools.gnu-tools-for-stm32.9-2020-q2-update.win32_2.0.0.202105311346/tools/bin/../lib/gcc/arm-none-eabi/9.3.1/../../../../arm-none-eabi/lib/thumb/v7-m/nofp/crt0.o
[...]
Memory Configuration

Name             Origin             Length             Attributes
RAM              0x0000000020000000 0x0000000000002800 xrw
FLASH            0x0000000008000000 0x0000000000008000 xr
*default*        0x0000000000000000 0xffffffffffffffff

Linker script and memory map

LOAD c:/st/stm32cubeide_1.7.0/stm32cubeide/plugins/com.st.stm32cube.ide.mcu.externaltools.gnu-tools-for-stm32.9-2020-q2-update.win32_2.0.0.202105311346/tools/bin/../lib/gcc/arm-none-eabi/9.3.1/thumb/v7-m/nofp/crti.o
LOAD c:/st/stm32cubeide_1.7.0/stm32cubeide/plugins/com.st.stm32cube.ide.mcu.externaltools.gnu-tools-for-stm32.9-2020-q2-update.win32_2.0.0.202105311346/tools/bin/../lib/gcc/arm-none-eabi/9.3.1/thumb/v7-m/nofp/crtbegin.o
LOAD c:/st/stm32cubeide_1.7.0/stm32cubeide/plugins/com.st.stm32cube.ide.mcu.externaltools.gnu-tools-for-stm32.9-2020-q2-update.win32_2.0.0.202105311346/tools/bin/../lib/gcc/arm-none-eabi/9.3.1/../../../../arm-none-eabi/lib/thumb/v7-m/nofp/crt0.o
LOAD ./Core/Src/button_reading.o
LOAD ./Core/Src/displaysevensegment.o
LOAD ./Core/Src/fsm_simple.o
LOAD ./Core/Src/gloabal.o
LOAD ./Core/Src/ledred.o
LOAD ./Core/Src/main.o
LOAD ./Core/Src/processing.o
LOAD ./Core/Src/softwaretimer.o
LOAD ./Core/Src/stm32f1xx_hal_msp.o
LOAD ./Core/Src/stm32f1xx_it.o
LOAD ./Core/Src/syscalls.o
LOAD ./Core/Src/sysmem.o
LOAD ./Core/Src/system_stm32f1xx.o
LOAD ./Core/Startup/startup_stm32f103c6ux.o
LOAD ./Drivers/STM32F1xx_HAL_Driver/Src/stm32f1xx_hal.o
LOAD ./Drivers/STM32F1xx_HAL_Driver/Src/stm32f1xx_hal_cortex.o
LOAD ./Drivers/STM32F1xx_HAL_Driver/Src/stm32f1xx_hal_dma.o
LOAD ./Drivers/STM32F1xx_HAL_Driver/Src/stm32f1xx_hal_exti.o
LOAD ./Drivers/STM32F1xx_HAL_Driver/Src/stm32f1xx_hal_flash.o
LOAD ./Drivers/STM32F1xx_HAL_Driver/Src/stm32f1xx_hal_flash_ex.o
LOAD ./Drivers/STM32F1xx_HAL_Driver/Src/stm32f1xx_hal_gpio.o
LOAD ./Drivers/STM32F1xx_HAL_Driver/Src/stm32f1xx_hal_gpio_ex.o
LOAD ./Drivers/STM32F1xx_HAL_Driver/Src/stm32f1xx_hal_pwr.o
LOAD ./Drivers/STM32F1xx_HAL_Driver/Src/stm32f1xx_hal_rcc.o
LOAD ./Drivers/STM32F1xx_HAL_Driver/Src/stm32f1xx_hal_rcc_ex.o
LOAD ./Drivers/STM32F1xx_HAL_Driver/Src/stm32f1xx_hal_tim.o
LOAD ./Drivers/STM32F1xx_HAL_Driver/Src/stm32f1xx_hal_tim_ex.o
START GROUP
LOAD c:/st/stm32cubeide_1.7.0/stm32cubeide/plugins/com.st.stm32cube.ide.mcu.externaltools.gnu-tools-for-stm32.9-2020-q2-update.win32_2.0.0.202105311346/tools/bin/../lib/gcc/arm-none-eabi/9.3.1/../../../../arm-none-eabi/lib/thumb/v7-m/nofp\libc_nano.a
LOAD c:/st/stm32cubeide_1.7.0/stm32cubeide/plugins/com.st.stm32cube.ide.mcu.externaltools.gnu-tools-for-stm32.9-2020-q2-update.win32_2.0.0.202105311346/tools/bin/../lib/gcc/arm-none-eabi/9.3.1/../../../../arm-none-eabi/lib/thumb/v7-m/nofp\libm.a
END GROUP
START GROUP
LOAD c:/st/stm32cubeide_1.7.0/stm32cubeide/plugins/com.st.stm32cube.ide.mcu.externaltools.gnu-tools-for-stm32.9-2020-q2-update.win32_2.0.0.202105311346/tools/bin/../lib/gcc/arm-none-eabi/9.3.1/thumb/v7-m/nofp\libgcc.a
LOAD c:/st/stm32cubeide_1.7.0/stm32cubeide/plugins/com.st.stm32cube.ide.mcu.externaltools.gnu-tools-for-stm32.9-2020-q2-update.win32_2.0.0.202105311346/tools/bin/../lib/gcc/arm-none-eabi/9.3.1/../../../../arm-none-eabi/lib/thumb/v7-m/nofp\libc_nano.a
END GROUP
START GROUP
LOAD c:/st/stm32cubeide_1.7.0/stm32cubeide/plugins/com.st.stm32cube.ide.mcu.externaltools.gnu-tools-for-stm32.9-2020-q2-update.win32_2.0.0.202105311346/tools/bin/../lib/gcc/arm-none-eabi/9.3.1/thumb/v7-m/nofp\libgcc.a
LOAD c:/st/stm32cubeide_1.7.0/stm32cubeide/plugins/com.st.stm32cube.ide.mcu.externaltools.gnu-tools-for-stm32.9-2020-q2-update.win32_2.0.0.202105311346/tools/bin/../lib/gcc/arm-none-eabi/9.3.1/../../../../arm-none-eabi/lib/thumb/v7-m/nofp\libc_nano.a
LOAD c:/st/stm32cubeide_1.7.0/stm32cubeide/plugins/com.st.stm32cube.ide.mcu.externaltools.gnu-tools-for-stm32.9-2020-q2-update.win32_2.0.0.202105311346/tools/bin/../lib/gcc/arm-none-eabi/9.3.1/../../../../arm-none-eabi/lib/thumb/v7-m/nofp\libnosys.a
END GROUP
START GROUP
LOAD c:/st/stm32cubeide_1.7.0/stm32cubeide/plugins/com.st.stm32cube.ide.mcu.externaltools.gnu-tools-for-stm32.9-2020-q2-update.win32_2.0.0.202105311346/tools/bin/../lib/gcc/arm-none-eabi/9.3.1/thumb/v7-m/nofp\libgcc.a
LOAD c:/st/stm32cubeide_1.7.0/stm32cubeide/plugins/com.st.stm32cube.ide.mcu.externaltools.gnu-tools-for-stm32.9-2020-q2-update.win32_2.0.0.202105311346/tools/bin/../lib/gcc/arm-none-eabi/9.3.1/../../../../arm-none-eabi/lib/thumb/v7-m/nofp\libc_nano.a
LOAD c:/st/stm32cubeide_1.7.0/stm32cubeide/plugins/com.st.stm32cube.ide.mcu.externaltools.gnu-tools-for-stm32.9-2020-q2-update.win32_2.0.0.202105311346/tools/bin/../lib/gcc/arm-none-eabi/9.3.1/../../../../arm-none-eabi/lib/thumb/v7-m/nofp\libnosys.a
END GROUP
LOAD c:/st/stm32cubeide_1.7.0/stm32cubeide/plugins/com.st.stm32cube.ide.mcu.externaltools.gnu-tools-for-stm32.9-2020-q2-update.win32_2.0.0.202105311346/tools/bin/../lib/gcc/arm-none-eabi/9.3.1/thumb/v7-m/nofp/crtend.o
LOAD c:/st/stm32cubeide_1.7.0/stm32cubeide/plugins/com.st.stm32cube.ide.mcu.externaltools.gnu-tools-for-stm32.9-2020-q2-update.win32_2.0.0.202105311346/tools/bin/../lib/gcc/arm-none-eabi/9.3.1/thumb/v7-m/nofp/crtn.o
                0x0000000020002800                _estack = (ORIGIN (RAM) + LENGTH (RAM))
                0x0000000000000200                _Min_Heap_Size = 0x200
                0x0000000000000400                _Min_Stack_Size = 0x400

.isr_vector     0x0000000008000000      0x10c
                0x0000000008000000                . = ALIGN (0x4)
 *(.isr_vector)
 .isr_vector    0x0000000008000000      0x10c ./Core/Startup/startup_stm32f103c6ux.o
                0x0000000008000000                g_pfnVectors
                0x000000000800010c                . = ALIGN (0x4)

.text           0x000000000800010c     0x212c
                0x000000000800010c                . = ALIGN (0x4)
 *(.text)
 .text          0x000000000800010c       0x40 c:/st/stm32cubeide_1.7.0/stm32cubeide/plugins/com.st.stm32cube.ide.mcu.externaltools.gnu-tools-for-stm32.9-2020-q2-update.win32_2.0.0.202105311346/tools/bin/../lib/gcc/arm-none-eabi/9.3.1/thumb/v7-m/nofp/crtbegin.o
 *(.text*)
 .text.buttonReading
                0x000000000800014c      0x12c ./Core/Src/button_reading.o
                0x000000000800014c                buttonReading
 .text.isButtonPressed
                0x0000000008000278       0x3c ./Core/Src/button_reading.o
                0x0000000008000278                isButtonPressed
 .text.isButtonPressedMoreThan3s
                0x00000000080002b4       0x3c ./Core/Src/button_reading.o
                0x00000000080002b4                isButtonPressedMoreThan3s
 .text.update7SEG
                0x00000000080002f0       0x2c ./Core/Src/displaysevensegment.o
                0x00000000080002f0                update7SEG
 .text.display7SEG
                0x000000000800031c       0x54 ./Core/Src/displaysevensegment.o
                0x000000000800031c                display7SEG
 .text.updateLedBuffer
                0x0000000008000370       0x38 ./Core/Src/displaysevensegment.o
                0x0000000008000370                updateLedBuffer
 .text.turnOffSevenSegment
                0x00000000080003a8       0x54 ./Core/Src/displaysevensegment.o
                0x00000000080003a8                turnOffSevenSegment
 .text.fsm_simple_buttons_run
                0x00000000080003fc      0x200 ./Core/Src/fsm_simple.o
                0x00000000080003fc                fsm_simple_buttons_run
 .text.ledRedProcessing
                0x00000000080005fc       0x30 ./Core/Src/ledred.o
                0x00000000080005fc                ledRedProcessing
 .text.toggleLedRed
                0x000000000800062c       0x14 ./Core/Src/ledred.o
                0x000000000800062c                toggleLedRed
 .text.main     0x0000000008000640       0x30 ./Core/Src/main.o
                0x0000000008000640                main
 .text.SystemClock_Config
                0x0000000008000670       0x76 ./Core/Src/main.o
                0x0000000008000670                SystemClock_Config
 *fill*         0x00000000080006e6        0x2 
 .text.MX_TIM2_Init
                0x00000000080006e8       0x98 ./Core/Src/main.o
 .text.MX_GPIO_Init
                0x0000000008000780       0xc0 ./Core/Src/main.o
 .text.HAL_TIM_PeriodElapsedCallback
                0x0000000008000840       0x1c ./Core/Src/main.o
                0x0000000008000840                HAL_TIM_PeriodElapsedCallback
 .text.Error_Handler
                0x000000000800085c        0xa ./Core/Src/main.o
                0x000000000800085c                Error_Handler
 *fill*         0x0000000008000866        0x2 
 .text.processReset
                0x0000000008000868       0x30 ./Core/Src/processing.o
                0x0000000008000868                processReset
 .text.processIncrease
                0x0000000008000898       0x48 ./Core/Src/processing.o
                0x0000000008000898                processIncrease
 .text.processDecrease
                0x00000000080008e0       0x48 ./Core/Src/processing.o
                0x00000000080008e0                processDecrease
 .text.processAutoDecrease
                0x0000000008000928       0x40 ./Core/Src/processing.o
                0x0000000008000928                processAutoDecrease
 .text.setTimer2
                0x0000000008000968       0x38 ./Core/Src/softwaretimer.o
                0x0000000008000968                setTimer2
 .text.setTimer3
                0x00000000080009a0       0x38 ./Core/Src/softwaretimer.o
                0x00000000080009a0                setTimer3
 .text.timerRun
                0x00000000080009d8       0x8c ./Core/Src/softwaretimer.o
                0x00000000080009d8                timerRun
 .text.HAL_MspInit
                0x0000000008000a64       0x64 ./Core/Src/stm32f1xx_hal_msp.o
                0x0000000008000a64                HAL_MspInit
 .text.HAL_TIM_Base_MspInit
                0x0000000008000ac8       0x48 ./Core/Src/stm32f1xx_hal_msp.o
                0x0000000008000ac8                HAL_TIM_Base_MspInit
 .text.NMI_Handler
                0x0000000008000b10        0x6 ./Core/Src/stm32f1xx_it.o
                0x0000000008000b10                NMI_Handler
 .text.HardFault_Handler
                0x0000000008000b16        0x6 ./Core/Src/stm32f1xx_it.o
                0x0000000008000b16                HardFault_Handler
 .text.MemManage_Handler
                0x0000000008000b1c        0x6 ./Core/Src/stm32f1xx_it.o
                0x0000000008000b1c                MemManage_Handler
 .text.BusFault_Handler
                0x0000000008000b22        0x6 ./Core/Src/stm32f1xx_it.o
                0x0000000008000b22                BusFault_Handler
 .text.UsageFault_Handler
                0x0000000008000b28        0x6 ./Core/Src/stm32f1xx_it.o
                0x0000000008000b28                UsageFault_Handler
 .text.SVC_Handler
                0x0000000008000b2e        0xc ./Core/Src/stm32f1xx_it.o
                0x0000000008000b2e                SVC_Handler
 .text.DebugMon_Handler
                0x0000000008000b3a        0xc ./Core/Src/stm32f1xx_it.o
                0x0000000008000b3a                DebugMon_Handler
 .text.PendSV_Handler
                0x0000000008000b46        0xc ./Core/Src/stm32f1xx_it.o
                0x0000000008000b46                PendSV_Handler
 .text.SysTick_Handler
                0x0000000008000b52        0xc ./Core/Src/stm32f1xx_it.o
                0x0000000008000b52                SysTick_Handler
 *fill*         0x0000000008000b5e        0x2 
 .text.TIM2_IRQHandler
                0x0000000008000b60       0x14 ./Core/Src/stm32f1xx_it.o
                0x0000000008000b60                TIM2_IRQHandler
 .text.SystemInit
                0x0000000008000b74        0xc ./Core/Src/system_stm32f1xx.o
                0x0000000008000b74                SystemInit
 .text.Reset_Handler
                0x0000000008000b80       0x48 ./Core/Startup/startup_stm32f103c6ux.o
                0x0000000008000b80                Reset_Handler
 .text.Default_Handler
                0x0000000008000bc8        0x2 ./Core/Startup/startup_stm32f103c6ux.o
                0x0000000008000bc8                RTC_Alarm_IRQHandler
                0x0000000008000bc8                EXTI2_IRQHandler
                0x0000000008000bc8                TIM1_CC_IRQHandler
                0x0000000008000bc8                PVD_IRQHandler
                0x0000000008000bc8                EXTI3_IRQHandler
                0x0000000008000bc8                EXTI0_IRQHandler
                0x0000000008000bc8                ADC1_2_IRQHandler
                0x0000000008000bc8                SPI1_IRQHandler
                0x0000000008000bc8                TAMPER_IRQHandler
                0x0000000008000bc8                DMA1_Channel4_IRQHandler
                0x0000000008000bc8                RTC_IRQHandler
                0x0000000008000bc8                DMA1_Channel7_IRQHandler
                0x0000000008000bc8                CAN1_RX1_IRQHandler
                0x0000000008000bc8                I2C1_EV_IRQHandler
                0x0000000008000bc8                DMA1_Channel6_IRQHandler
                0x0000000008000bc8                TIM3_IRQHandler
                0x0000000008000bc8                RCC_IRQHandler
                0x0000000008000bc8                TIM1_TRG_COM_IRQHandler
                0x0000000008000bc8                DMA1_Channel1_IRQHandler
                0x0000000008000bc8                Default_Handler
                0x0000000008000bc8                EXTI15_10_IRQHandler
                0x0000000008000bc8                EXTI9_5_IRQHandler
                0x0000000008000bc8                DMA1_Channel5_IRQHandler
                0x0000000008000bc8                EXTI4_IRQHandler
                0x0000000008000bc8                USB_LP_CAN1_RX0_IRQHandler
                0x0000000008000bc8                USB_HP_CAN1_TX_IRQHandler
                0x0000000008000bc8                DMA1_Channel3_IRQHandler
                0x0000000008000bc8                TIM1_UP_IRQHandler
                0x0000000008000bc8                WWDG_IRQHandler
                0x0000000008000bc8                TIM1_BRK_IRQHandler
                0x0000000008000bc8                EXTI1_IRQHandler
                0x0000000008000bc8                USART2_IRQHandler
                0x0000000008000bc8                DMA1_Channel2_IRQHandler
                0x0000000008000bc8                CAN1_SCE_IRQHandler
                0x0000000008000bc8                FLASH_IRQHandler
                0x0000000008000bc8                USART1_IRQHandler
                0x0000000008000bc8                I2C1_ER_IRQHandler
                0x0000000008000bc8                USBWakeUp_IRQHandler
 *fill*         0x0000000008000bca        0x2 
 .text.HAL_Init
                0x0000000008000bcc       0x2c ./Drivers/STM32F1xx_HAL_Driver/Src/stm32f1xx_hal.o
                0x0000000008000bcc                HAL_Init
 .text.HAL_InitTick
                0x0000000008000bf8       0x60 ./Drivers/STM32F1xx_HAL_Driver/Src/stm32f1xx_hal.o
                0x0000000008000bf8                HAL_InitTick
 .text.HAL_IncTick
                0x0000000008000c58       0x24 ./Drivers/STM32F1xx_HAL_Driver/Src/stm32f1xx_hal.o
                0x0000000008000c58                HAL_IncTick
 .text.HAL_GetTick
                0x0000000008000c7c       0x14 ./Drivers/STM32F1xx_HAL_Driver/Src/stm32f1xx_hal.o
                0x0000000008000c7c                HAL_GetTick
 .text.__NVIC_SetPriorityGrouping
                0x0000000008000c90       0x48 ./Drivers/STM32F1xx_HAL_Driver/Src/stm32f1xx_hal_cortex.o
 .text.__NVIC_GetPriorityGrouping
                0x0000000008000cd8       0x1c ./Drivers/STM32F1xx_HAL_Driver/Src/stm32f1xx_hal_cortex.o
 .text.__NVIC_EnableIRQ
                0x0000000008000cf4       0x38 ./Drivers/STM32F1xx_HAL_Driver/Src/stm32f1xx_hal_cortex.o
 .text.__NVIC_SetPriority
                0x0000000008000d2c       0x54 ./Drivers/STM32F1xx_HAL_Driver/Src/stm32f1xx_hal_cortex.o
 .text.NVIC_EncodePriority
                0x0000000008000d80       0x64 ./Drivers/STM32F1xx_HAL_Driver/Src/stm32f1xx_hal_cortex.o
 .text.SysTick_Config
                0x0000000008000de4       0x44 ./Drivers/STM32F1xx_HAL_Driver/Src/stm32f1xx_hal_cortex.o
 .text.HAL_NVIC_SetPriorityGrouping
                0x0000000008000e28       0x16 ./Drivers/STM32F1xx_HAL_Driver/Src/stm32f1xx_hal_cortex.o
                0x0000000008000e28                HAL_NVIC_SetPriorityGrouping
 .text.HAL_NVIC_SetPriority
                0x0000000008000e3e       0x38 ./Drivers/STM32F1xx_HAL_Driver/Src/stm32f1xx_hal_cortex.o
                0x0000000008000e3e                HAL_NVIC_SetPriority
 .text.HAL_NVIC_EnableIRQ
                0x0000000008000e76       0x1c ./Drivers/STM32F1xx_HAL_Driver/Src/stm32f1xx_hal_cortex.o
                0x0000000008000e76                HAL_NVIC_EnableIRQ
 .text.HAL_SYSTICK_Config
                0x0000000008000e92       0x18 ./Drivers/STM32F1xx_HAL_Driver/Src/stm32f1xx_hal_cortex.o
                0x0000000008000e92                HAL_SYSTICK_Config
 *fill*         0x0000000008000eaa        0x2 
 .text.HAL_GPIO_Init
                0x0000000008000eac      0x2f4 ./Drivers/STM32F1xx_HAL_Driver/Src/stm32f1xx_hal_gpio.o
                0x0000000008000eac                HAL_GPIO_Init
 .text.HAL_GPIO_ReadPin
                0x00000000080011a0       0x2e ./Drivers/STM32F1xx_HAL_Driver/Src/stm32f1xx_hal_gpio.o
                0x00000000080011a0                HAL_GPIO_ReadPin
 .text.HAL_GPIO_WritePin
                0x00000000080011ce       0x30 ./Drivers/STM32F1xx_HAL_Driver/Src/stm32f1xx_hal_gpio.o
                0x00000000080011ce                HAL_GPIO_WritePin
 .text.HAL_GPIO_TogglePin
                0x00000000080011fe       0x32 ./Drivers/STM32F1xx_HAL_Driver/Src/stm32f1xx_hal_gpio.o
                0x00000000080011fe                HAL_GPIO_TogglePin
 .text.HAL_RCC_OscConfig
                0x0000000008001230      0x500 ./Drivers/STM32F1xx_HAL_Driver/Src/stm32f1xx_hal_rcc.o
                0x0000000008001230                HAL_RCC_OscConfig
 .text.HAL_RCC_ClockConfig
                0x0000000008001730      0x1d4 ./Drivers/STM32F1xx_HAL_Driver/Src/stm32f1xx_hal_rcc.o
                0x0000000008001730                HAL_RCC_ClockConfig
 .text.HAL_RCC_GetSysClockFreq
                0x0000000008001904       0xc0 ./Drivers/STM32F1xx_HAL_Driver/Src/stm32f1xx_hal_rcc.o
                0x0000000008001904                HAL_RCC_GetSysClockFreq
 .text.RCC_Delay
                0x00000000080019c4       0x3c ./Drivers/STM32F1xx_HAL_Driver/Src/stm32f1xx_hal_rcc.o
 .text.HAL_TIM_Base_Init
                0x0000000008001a00       0x9e ./Drivers/STM32F1xx_HAL_Driver/Src/stm32f1xx_hal_tim.o
                0x0000000008001a00                HAL_TIM_Base_Init
 *fill*         0x0000000008001a9e        0x2 
 .text.HAL_TIM_Base_Start_IT
                0x0000000008001aa0       0x98 ./Drivers/STM32F1xx_HAL_Driver/Src/stm32f1xx_hal_tim.o
                0x0000000008001aa0                HAL_TIM_Base_Start_IT
 .text.HAL_TIM_IRQHandler
                0x0000000008001b38      0x210 ./Drivers/STM32F1xx_HAL_Driver/Src/stm32f1xx_hal_tim.o
                0x0000000008001b38                HAL_TIM_IRQHandler
 .text.HAL_TIM_ConfigClockSource
                0x0000000008001d48      0x188 ./Drivers/STM32F1xx_HAL_Driver/Src/stm32f1xx_hal_tim.o
                0x0000000008001d48                HAL_TIM_ConfigClockSource
 .text.HAL_TIM_OC_DelayElapsedCallback
                0x0000000008001ed0       0x12 ./Drivers/STM32F1xx_HAL_Driver/Src/stm32f1xx_hal_tim.o
                0x0000000008001ed0                HAL_TIM_OC_DelayElapsedCallback
 .text.HAL_TIM_IC_CaptureCallback
                0x0000000008001ee2       0x12 ./Drivers/STM32F1xx_HAL_Driver/Src/stm32f1xx_hal_tim.o
                0x0000000008001ee2                HAL_TIM_IC_CaptureCallback
 .text.HAL_TIM_PWM_PulseFinishedCallback
                0x0000000008001ef4       0x12 ./Drivers/STM32F1xx_HAL_Driver/Src/stm32f1xx_hal_tim.o
                0x0000000008001ef4                HAL_TIM_PWM_PulseFinishedCallback
 .text.HAL_TIM_TriggerCallback
                0x0000000008001f06       0x12 ./Drivers/STM32F1xx_HAL_Driver/Src/stm32f1xx_hal_tim.o
                0x0000000008001f06                HAL_TIM_TriggerCallback
 .text.TIM_Base_SetConfig
                0x0000000008001f18       0xb0 ./Drivers/STM32F1xx_HAL_Driver/Src/stm32f1xx_hal_tim.o
                0x0000000008001f18                TIM_Base_SetConfig
 .text.TIM_TI1_ConfigInputStage
                0x0000000008001fc8       0x5c ./Drivers/STM32F1xx_HAL_Driver/Src/stm32f1xx_hal_tim.o
 .text.TIM_TI2_ConfigInputStage
                0x0000000008002024       0x5e ./Drivers/STM32F1xx_HAL_Driver/Src/stm32f1xx_hal_tim.o
 .text.TIM_ITRx_SetConfig
                0x0000000008002082       0x34 ./Drivers/STM32F1xx_HAL_Driver/Src/stm32f1xx_hal_tim.o
 .text.TIM_ETR_SetConfig
                0x00000000080020b6       0x3e ./Drivers/STM32F1xx_HAL_Driver/Src/stm32f1xx_hal_tim.o
                0x00000000080020b6                TIM_ETR_SetConfig
 .text.HAL_TIMEx_MasterConfigSynchronization
                0x00000000080020f4       0xb0 ./Drivers/STM32F1xx_HAL_Driver/Src/stm32f1xx_hal_tim_ex.o
                0x00000000080020f4                HAL_TIMEx_MasterConfigSynchronization
 .text.HAL_TIMEx_CommutCallback
                0x00000000080021a4       0x12 ./Drivers/STM32F1xx_HAL_Driver/Src/stm32f1xx_hal_tim_ex.o
                0x00000000080021a4                HAL_TIMEx_CommutCallback
 .text.HAL_TIMEx_BreakCallback
                0x00000000080021b6       0x12 ./Drivers/STM32F1xx_HAL_Driver/Src/stm32f1xx_hal_tim_ex.o
                0x00000000080021b6                HAL_TIMEx_BreakCallback
 .text.__libc_init_array
                0x00000000080021c8       0x48 c:/st/stm32cubeide_1.7.0/stm32cubeide/plugins/com.st.stm32cube.ide.mcu.externaltools.gnu-tools-for-stm32.9-2020-q2-update.win32_2.0.0.202105311346/tools/bin/../lib/gcc/arm-none-eabi/9.3.1/../../../../arm-none-eabi/lib/thumb/v7-m/nofp\libc_nano.a(lib_a-init.o)
                0x00000000080021c8                __libc_init_array
 .text.memset   0x0000000008002210       0x10 c:/st/stm32cubeide_1.7.0/stm32cubeide/plugins/com.st.stm32cube.ide.mcu.externaltools.gnu-tools-for-stm32.9-2020-q2-update.win32_2.0.0.202105311346/tools/bin/../lib/gcc/arm-none-eabi/9.3.1/../../../../arm-none-eabi/lib/thumb/v7-m/nofp\libc_nano.a(lib_a-memset.o)
                0x0000000008002210                memset
 *(.glue_7)
 .glue_7        0x0000000008002220        0x0 linker stubs
 *(.glue_7t)
 .glue_7t       0x0000000008002220        0x0 linker stubs
 *(.eh_frame)
 .eh_frame      0x0000000008002220        0x0 c:/st/stm32cubeide_1.7.0/stm32cubeide/plugins/com.st.stm32cube.ide.mcu.externaltools.gnu-tools-for-stm32.9-2020-q2-update.win32_2.0.0.202105311346/tools/bin/../lib/gcc/arm-none-eabi/9.3.1/thumb/v7-m/nofp/crtbegin.o
 *(.init)
 .init          0x0000000008002220        0x4 c:/st/stm32cubeide_1.7.0/stm32cubeide/plugins/com.st.stm32cube.ide.mcu.externaltools.gnu-tools-for-stm32.9-2020-q2-update.win32_2.0.0.202105311346/tools/bin/../lib/gcc/arm-none-eabi/9.3.1/thumb/v7-m/nofp/crti.o
                0x0000000008002220                _init
 .init          0x0000000008002224        0x8 c:/st/stm32cubeide_1.7.0/stm32cubeide/plugins/com.st.stm32cube.ide.mcu.externaltools.gnu-tools-for-stm32.9-2020-q2-update.win32_2.0.0.202105311346/tools/bin/../lib/gcc/arm-none-eabi/9.3.1/thumb/v7-m/nofp/crtn.o
 *(.fini)
 .fini          0x000000000800222c        0x4 c:/st/stm32cubeide_1.7.0/stm32cubeide/plugins/com.st.stm32cube.ide.mcu.externaltools.gnu-tools-for-stm32.9-2020-q2-update.win32_2.0.0.202105311346/tools/bin/../lib/gcc/arm-none-eabi/9.3.1/thumb/v7-m/nofp/crti.o
                0x000000000800222c                _fini
 .fini          0x0000000008002230        0x8 c:/st/stm32cubeide_1.7.0/stm32cubeide/plugins/com.st.stm32cube.ide.mcu.externaltools.gnu-tools-for-stm32.9-2020-q2-update.win32_2.0.0.202105311346/tools/bin/../lib/gcc/arm-none-eabi/9.3.1/thumb/v7-m/nofp/crtn.o
                0x0000000008002238                . = ALIGN (0x4)
                0x0000000008002238                _etext = .

.vfp11_veneer   0x0000000008002238        0x0
 .vfp11_veneer  0x0000000008002238        0x0 linker stubs

.v4_bx          0x0000000008002238        0x0
 .v4_bx         0x0000000008002238        0x0 linker stubs

.iplt           0x0000000008002238        0x0
 .iplt          0x0000000008002238        0x0 c:/st/stm32cubeide_1.7.0/stm32cubeide/plugins/com.st.stm32cube.ide.mcu.externaltools.gnu-tools-for-stm32.9-2020-q2-update.win32_2.0.0.202105311346/tools/bin/../lib/gcc/arm-none-eabi/9.3.1/thumb/v7-m/nofp/crtbegin.o

.rodata         0x0000000008002238       0x20
                0x0000000008002238                . = ALIGN (0x4)
 *(.rodata)
 .rodata        0x0000000008002238       0x10 ./Drivers/STM32F1xx_HAL_Driver/Src/stm32f1xx_hal_rcc.o
 *(.rodata*)
 .rodata.AHBPrescTable
                0x0000000008002248       0x10 ./Core/Src/system_stm32f1xx.o
                0x0000000008002248                AHBPrescTable
                0x0000000008002258                . = ALIGN (0x4)

.rel.dyn        0x0000000008002258        0x0
 .rel.iplt      0x0000000008002258        0x0 c:/st/stm32cubeide_1.7.0/stm32cubeide/plugins/com.st.stm32cube.ide.mcu.externaltools.gnu-tools-for-stm32.9-2020-q2-update.win32_2.0.0.202105311346/tools/bin/../lib/gcc/arm-none-eabi/9.3.1/thumb/v7-m/nofp/crtbegin.o

.ARM.extab      0x0000000008002258        0x0
                0x0000000008002258                . = ALIGN (0x4)
 *(.ARM.extab* .gnu.linkonce.armextab.*)
                0x0000000008002258                . = ALIGN (0x4)

.ARM            0x0000000008002258        0x0
                0x0000000008002258                . = ALIGN (0x4)
                0x0000000008002258                __exidx_start = .
 *(.ARM.exidx*)
                0x0000000008002258                __exidx_end = .
                0x0000000008002258                . = ALIGN (0x4)

.preinit_array  0x0000000008002258        0x0
                0x0000000008002258                . = ALIGN (0x4)
                0x0000000008002258                PROVIDE (__preinit_array_start = .)
 *(.preinit_array*)
                0x0000000008002258                PROVIDE (__preinit_array_end = .)
                0x0000000008002258                . = ALIGN (0x4)

.init_array     0x0000000008002258        0x4
                0x0000000008002258                . = ALIGN (0x4)
                0x0000000008002258                PROVIDE (__init_array_start = .)
 *(SORT_BY_NAME(.init_array.*))
 *(.init_array*)
 .init_array    0x0000000008002258        0x4 c:/st/stm32cubeide_1.7.0/stm32cubeide/plugins/com.st.stm32cube.ide.mcu.externaltools.gnu-tools-for-stm32.9-2020-q2-update.win32_2.0.0.202105311346/tools/bin/../lib/gcc/arm-none-eabi/9.3.1/thumb/v7-m/nofp/crtbegin.o
                0x000000000800225c                PROVIDE (__init_array_end = .)
                0x000000000800225c                . = ALIGN (0x4)

.fini_array     0x000000000800225c        0x4
                0x000000000800225c                . = ALIGN (0x4)
                [!provide]                        PROVIDE (__fini_array_start = .)
 *(SORT_BY_NAME(.fini_array.*))
 *(.fini_array*)
 .fini_array    0x000000000800225c        0x4 c:/st/stm32cubeide_1.7.0/stm32cubeide/plugins/com.st.stm32cube.ide.mcu.externaltools.gnu-tools-for-stm32.9-2020-q2-update.win32_2.0.0.202105311346/tools/bin/../lib/gcc/arm-none-eabi/9.3.1/thumb/v7-m/nofp/crtbegin.o
                [!provide]                        PROVIDE (__fini_array_end = .)
                0x0000000008002260                . = ALIGN (0x4)
                0x0000000008002260                _sidata = LOADADDR (.data)

.data           0x0000000020000000       0x70 load address 0x0000000008002260
                0x0000000020000000                . = ALIGN (0x4)
                0x0000000020000000                _sdata = .
 *(.data)
 *(.data*)
 .data.debouncebuttonBuffer0
                0x0000000020000000        0x3 ./Core/Src/button_reading.o
 *fill*         0x0000000020000003        0x1 
 .data.debouncebuttonBuffer1
                0x0000000020000004        0x3 ./Core/Src/button_reading.o
 *fill*         0x0000000020000007        0x1 
 .data.debouncebuttonBuffer2
                0x0000000020000008        0x3 ./Core/Src/button_reading.o
 *fill*         0x000000002000000b        0x1 
 .data.debouncebuttonBuffer3
                0x000000002000000c        0x3 ./Core/Src/button_reading.o
 *fill*         0x000000002000000f        0x1 
 .data.buttonPort
                0x0000000020000010        0xc ./Core/Src/button_reading.o
                0x0000000020000010                buttonPort
 .data.buttonPin
                0x000000002000001c        0x6 ./Core/Src/button_reading.o
                0x000000002000001c                buttonPin
 *fill*         0x0000000020000022        0x2 
 .data.timeForKeyPress
                0x0000000020000024        0x4 ./Core/Src/button_reading.o
                0x0000000020000024                timeForKeyPress
 .data.sevenSegmentCode
                0x0000000020000028        0xa ./Core/Src/displaysevensegment.o
                0x0000000020000028                sevenSegmentCode
 *fill*         0x0000000020000032        0x2 
 .data.sevenDataPort
                0x0000000020000034       0x1c ./Core/Src/displaysevensegment.o
                0x0000000020000034                sevenDataPort
 .data.sevenDataPin
                0x0000000020000050        0xe ./Core/Src/displaysevensegment.o
                0x0000000020000050                sevenDataPin
 *fill*         0x000000002000005e        0x2 
 .data.timeForChangeLed
                0x0000000020000060        0x4 ./Core/Src/ledred.o
                0x0000000020000060                timeForChangeLed
 .data.SystemCoreClock
                0x0000000020000064        0x4 ./Core/Src/system_stm32f1xx.o
                0x0000000020000064                SystemCoreClock
 .data.uwTickPrio
                0x0000000020000068        0x4 ./Drivers/STM32F1xx_HAL_Driver/Src/stm32f1xx_hal.o
                0x0000000020000068                uwTickPrio
 .data.uwTickFreq
                0x000000002000006c        0x1 ./Drivers/STM32F1xx_HAL_Driver/Src/stm32f1xx_hal.o
                0x000000002000006c                uwTickFreq
 *(.RamFunc)
 *(.RamFunc*)
                0x0000000020000070                . = ALIGN (0x4)
 *fill*         0x000000002000006d        0x3 
                0x0000000020000070                _edata = .

.igot.plt       0x0000000020000070        0x0 load address 0x00000000080022d0
 .igot.plt      0x0000000020000070        0x0 c:/st/stm32cubeide_1.7.0/stm32cubeide/plugins/com.st.stm32cube.ide.mcu.externaltools.gnu-tools-for-stm32.9-2020-q2-update.win32_2.0.0.202105311346/tools/bin/../lib/gcc/arm-none-eabi/9.3.1/thumb/v7-m/nofp/crtbegin.o
                0x0000000020000070                . = ALIGN (0x4)

.bss            0x0000000020000070       0x94 load address 0x00000000080022d0
                0x0000000020000070                _sbss = .
                0x0000000020000070                __bss_start__ = _sbss
 *(.bss)
 .bss           0x0000000020000070       0x1c c:/st/stm32cubeide_1.7.0/stm32cubeide/plugins/com.st.stm32cube.ide.mcu.externaltools.gnu-tools-for-stm32.9-2020-q2-update.win32_2.0.0.202105311346/tools/bin/../lib/gcc/arm-none-eabi/9.3.1/thumb/v7-m/nofp/crtbegin.o
 *(.bss*)
 .bss.flagForButtonPress
                0x000000002000008c        0x3 ./Core/Src/button_reading.o
 *fill*         0x000000002000008f        0x1 
 .bss.flagForButtonPress3s
                0x0000000020000090        0x3 ./Core/Src/button_reading.o
 *fill*         0x0000000020000093        0x1 
 .bss.status    0x0000000020000094        0x4 ./Core/Src/gloabal.o
                0x0000000020000094                status
 .bss.counterLed
                0x0000000020000098        0x4 ./Core/Src/gloabal.o
                0x0000000020000098                counterLed
 .bss.counterRed
                0x000000002000009c        0x4 ./Core/Src/ledred.o
 .bss.timer1_counter
                0x00000000200000a0        0x2 ./Core/Src/softwaretimer.o
                0x00000000200000a0                timer1_counter
 .bss.timer2_counter
                0x00000000200000a2        0x2 ./Core/Src/softwaretimer.o
                0x00000000200000a2                timer2_counter
 .bss.timer3_counter
                0x00000000200000a4        0x2 ./Core/Src/softwaretimer.o
                0x00000000200000a4                timer3_counter
 *fill*         0x00000000200000a6        0x2 
 .bss.timer1_flag
                0x00000000200000a8        0x4 ./Core/Src/softwaretimer.o
                0x00000000200000a8                timer1_flag
 .bss.timer2_flag
                0x00000000200000ac        0x4 ./Core/Src/softwaretimer.o
                0x00000000200000ac                timer2_flag
 .bss.timer3_flag
                0x00000000200000b0        0x4 ./Core/Src/softwaretimer.o
                0x00000000200000b0                timer3_flag
 *(COMMON)
 COMMON         0x00000000200000b4        0x1 ./Core/Src/displaysevensegment.o
                0x00000000200000b4                led_buffer
 *fill*         0x00000000200000b5        0x3 
 COMMON         0x00000000200000b8       0x48 ./Core/Src/main.o
                0x00000000200000b8                htim2
 COMMON         0x0000000020000100        0x4 ./Drivers/STM32F1xx_HAL_Driver/Src/stm32f1xx_hal.o
                0x0000000020000100                uwTick
                0x0000000020000104                . = ALIGN (0x4)
                0x0000000020000104                _ebss = .
                0x0000000020000104                __bss_end__ = _ebss

._user_heap_stack
                0x0000000020000104      0x604 load address 0x00000000080022d0
                0x0000000020000108                . = ALIGN (0x8)
 *fill*         0x0000000020000104        0x4 
                [!provide]                        PROVIDE (end = .)
                0x0000000020000108                PROVIDE (_end = .)
                0x0000000020000308                . = (. + _Min_Heap_Size)
 *fill*         0x0000000020000108      0x200 
                0x0000000020000708                . = (. + _Min_Stack_Size)
 *fill*         0x0000000020000308      0x400 
                0x0000000020000708                . = ALIGN (0x8)

/DISCARD/
 libc.a(*)
 libm.a(*)
 libgcc.a(*)

.ARM.attributes
                0x0000000000000000       0x29
 *(.ARM.attributes)
 .ARM.attributes
                0x0000000000000000       0x1d c:/st/stm32cubeide_1.7.0/stm32cubeide/plugins/com.st.stm32cube.ide.mcu.externaltools.gnu-tools-for-stm32.9-2020-q2-update.win32_2.0.0.202105311346/tools/bin/../lib/gcc/arm-none-eabi/9.3.1/thumb/v7-m/nofp/crti.o
 .ARM.attributes
                0x000000000000001d       0x2d c:/st/stm32cubeide_1.7.0/stm32cubeide/plugins/com.st.stm32cube.ide.mcu.externaltools.gnu-tools-for-stm32.9-2020-q2-update.win32_2.0.0.202105311346/tools/bin/../lib/gcc/arm-none-eabi/9.3.1/thumb/v7-m/nofp/crtbegin.o
 .ARM.attributes
                0x000000000000004a       0x2d ./Core/Src/button_reading.o
 .ARM.attributes
                0x0000000000000077       0x2d ./Core/Src/displaysevensegment.o
 .ARM.attributes
                0x00000000000000a4       0x2d ./Core/Src/fsm_simple.o
 .ARM.attributes
                0x00000000000000d1       0x33 ./Core/Src/gloabal.o
 .ARM.attributes
                0x0000000000000104       0x2d ./Core/Src/ledred.o
 .ARM.attributes
                0x0000000000000131       0x2d ./Core/Src/main.o
 .ARM.attributes
                0x000000000000015e       0x2d ./Core/Src/processing.o
 .ARM.attributes
                0x000000000000018b       0x2d ./Core/Src/softwaretimer.o
 .ARM.attributes
                0x00000000000001b8       0x2d ./Core/Src/stm32f1xx_hal_msp.o
 .ARM.attributes
                0x00000000000001e5       0x2d ./Core/Src/stm32f1xx_it.o
 .ARM.attributes
                0x0000000000000212       0x2d ./Core/Src/system_stm32f1xx.o
 .ARM.attributes
                0x000000000000023f       0x21 ./Core/Startup/startup_stm32f103c6ux.o
 .ARM.attributes
                0x0000000000000260       0x2d ./Drivers/STM32F1xx_HAL_Driver/Src/stm32f1xx_hal.o
 .ARM.attributes
                0x000000000000028d       0x2d ./Drivers/STM32F1xx_HAL_Driver/Src/stm32f1xx_hal_cortex.o
 .ARM.attributes
                0x00000000000002ba       0x2d ./Drivers/STM32F1xx_HAL_Driver/Src/stm32f1xx_hal_gpio.o
 .ARM.attributes
                0x00000000000002e7       0x2d ./Drivers/STM32F1xx_HAL_Driver/Src/stm32f1xx_hal_rcc.o
 .ARM.attributes
                0x0000000000000314       0x2d ./Drivers/STM32F1xx_HAL_Driver/Src/stm32f1xx_hal_tim.o
 .ARM.attributes
                0x0000000000000341       0x2d ./Drivers/STM32F1xx_HAL_Driver/Src/stm32f1xx_hal_tim_ex.o
 .ARM.attributes
                0x000000000000036e       0x2d c:/st/stm32cubeide_1.7.0/stm32cubeide/plugins/com.st.stm32cube.ide.mcu.externaltools.gnu-tools-for-stm32.9-2020-q2-update.win32_2.0.0.202105311346/tools/bin/../lib/gcc/arm-none-eabi/9.3.1/../../../../arm-none-eabi/lib/thumb/v7-m/nofp\libc_nano.a(lib_a-init.o)
 .ARM.attributes
                0x000000000000039b       0x2d c:/st/stm32cubeide_1.7.0/stm32cubeide/plugins/com.st.stm32cube.ide.mcu.externaltools.gnu-tools-for-stm32.9-2020-q2-update.win32_2.0.0.202105311346/tools/bin/../lib/gcc/arm-none-eabi/9.3.1/../../../../arm-none-eabi/lib/thumb/v7-m/nofp\libc_nano.a(lib_a-memset.o)
 .ARM.attributes
                0x00000000000003c8       0x1d c:/st/stm32cubeide_1.7.0/stm32cubeide/plugins/com.st.stm32cube.ide.mcu.externaltools.gnu-tools-for-stm32.9-2020-q2-update.win32_2.0.0.202105311346/tools/bin/../lib/gcc/arm-none-eabi/9.3.1/thumb/v7-m/nofp/crtn.o
OUTPUT(Midtermproject.elf elf32-littlearm)
LOAD linker stubs
LOAD c:/st/stm32cubeide_1.7.0/stm32cubeide/plugins/com.st.stm32cube.ide.mcu.externaltools.gnu-tools-for-stm32.9-2020-q2-update.win32_2.0.0.202105311346/tools/bin/../lib/gcc/arm-none-eabi/9.3.1/../../../../arm-none-eabi/lib/thumb/v7-m/nofp\libc.a
LOAD c:/st/stm32cubeide_1.7.0/stm32cubeide/plugins/com.st.stm32cube.ide.mcu.externaltools.gnu-tools-for-stm32.9-2020-q2-update.win32_2.0.0.202105311346/tools/bin/../lib/gcc/arm-none-eabi/9.3.1/../../../../arm-none-eabi/lib/thumb/v7-m/nofp\libm.a
LOAD c:/st/stm32cubeide_1.7.0/stm32cubeide/plugins/com.st.stm32cube.ide.mcu.externaltools.gnu-tools-for-stm32.9-2020-q2-update.win32_2.0.0.202105311346/tools/bin/../lib/gcc/arm-none-eabi/9.3.1/thumb/v7-m/nofp\libgcc.a

.debug_info     0x0000000000000000     0x95cb
 .debug_info    0x0000000000000000      0x3fb ./Core/Src/button_reading.o
 .debug_info    0x00000000000003fb      0x3db ./Core/Src/displaysevensegment.o
 .debug_info    0x00000000000007d6      0x1f2 ./Core/Src/fsm_simple.o
 .debug_info    0x00000000000009c8      0x210 ./Core/Src/gloabal.o
 .debug_info    0x0000000000000bd8      0x2ba ./Core/Src/ledred.o
 .debug_info    0x0000000000000e92      0xbee ./Core/Src/main.o
 .debug_info    0x0000000000001a80      0x228 ./Core/Src/processing.o
 .debug_info    0x0000000000001ca8      0x2d8 ./Core/Src/softwaretimer.o
 .debug_info    0x0000000000001f80      0xa04 ./Core/Src/stm32f1xx_hal_msp.o
 .debug_info    0x0000000000002984      0x7b4 ./Core/Src/stm32f1xx_it.o
 .debug_info    0x0000000000003138      0x2be ./Core/Src/system_stm32f1xx.o
 .debug_info    0x00000000000033f6       0x22 ./Core/Startup/startup_stm32f103c6ux.o
 .debug_info    0x0000000000003418      0x74c ./Drivers/STM32F1xx_HAL_Driver/Src/stm32f1xx_hal.o
 .debug_info    0x0000000000003b64      0xbbe ./Drivers/STM32F1xx_HAL_Driver/Src/stm32f1xx_hal_cortex.o
 .debug_info    0x0000000000004722      0x701 ./Drivers/STM32F1xx_HAL_Driver/Src/stm32f1xx_hal_gpio.o
 .debug_info    0x0000000000004e23      0x88e ./Drivers/STM32F1xx_HAL_Driver/Src/stm32f1xx_hal_rcc.o
 .debug_info    0x00000000000056b1     0x2a45 ./Drivers/STM32F1xx_HAL_Driver/Src/stm32f1xx_hal_tim.o
 .debug_info    0x00000000000080f6     0x14d5 ./Drivers/STM32F1xx_HAL_Driver/Src/stm32f1xx_hal_tim_ex.o

.debug_abbrev   0x0000000000000000     0x1c39
 .debug_abbrev  0x0000000000000000      0x17b ./Core/Src/button_reading.o
 .debug_abbrev  0x000000000000017b      0x198 ./Core/Src/displaysevensegment.o
 .debug_abbrev  0x0000000000000313       0xb6 ./Core/Src/fsm_simple.o
 .debug_abbrev  0x00000000000003c9       0xa9 ./Core/Src/gloabal.o
 .debug_abbrev  0x0000000000000472      0x11a ./Core/Src/ledred.o
 .debug_abbrev  0x000000000000058c      0x22c ./Core/Src/main.o
 .debug_abbrev  0x00000000000007b8       0xb6 ./Core/Src/processing.o
 .debug_abbrev  0x000000000000086e      0x11f ./Core/Src/softwaretimer.o
 .debug_abbrev  0x000000000000098d      0x1b7 ./Core/Src/stm32f1xx_hal_msp.o
 .debug_abbrev  0x0000000000000b44      0x176 ./Core/Src/stm32f1xx_it.o
 .debug_abbrev  0x0000000000000cba      0x14e ./Core/Src/system_stm32f1xx.o
 .debug_abbrev  0x0000000000000e08       0x12 ./Core/Startup/startup_stm32f103c6ux.o
 .debug_abbrev  0x0000000000000e1a      0x1ed ./Drivers/STM32F1xx_HAL_Driver/Src/stm32f1xx_hal.o
 .debug_abbrev  0x0000000000001007      0x313 ./Drivers/STM32F1xx_HAL_Driver/Src/stm32f1xx_hal_cortex.o
 .debug_abbrev  0x000000000000131a      0x1e8 ./Drivers/STM32F1xx_HAL_Driver/Src/stm32f1xx_hal_gpio.o
 .debug_abbrev  0x0000000000001502      0x273 ./Drivers/STM32F1xx_HAL_Driver/Src/stm32f1xx_hal_rcc.o
 .debug_abbrev  0x0000000000001775      0x25e ./Drivers/STM32F1xx_HAL_Driver/Src/stm32f1xx_hal_tim.o
 .debug_abbrev  0x00000000000019d3      0x266 ./Drivers/STM32F1xx_HAL_Driver/Src/stm32f1xx_hal_tim_ex.o

.debug_aranges  0x0000000000000000      0xa68
 .debug_aranges
                0x0000000000000000       0x30 ./Core/Src/button_reading.o
 .debug_aranges
                0x0000000000000030       0x38 ./Core/Src/displaysevensegment.o
 .debug_aranges
                0x0000000000000068       0x20 ./Core/Src/fsm_simple.o
 .debug_aranges
                0x0000000000000088       0x18 ./Core/Src/gloabal.o
 .debug_aranges
                0x00000000000000a0       0x28 ./Core/Src/ledred.o
 .debug_aranges
                0x00000000000000c8       0x48 ./Core/Src/main.o
 .debug_aranges
                0x0000000000000110       0x38 ./Core/Src/processing.o
 .debug_aranges
                0x0000000000000148       0x38 ./Core/Src/softwaretimer.o
 .debug_aranges
                0x0000000000000180       0x30 ./Core/Src/stm32f1xx_hal_msp.o
 .debug_aranges
                0x00000000000001b0       0x68 ./Core/Src/stm32f1xx_it.o
 .debug_aranges
                0x0000000000000218       0x28 ./Core/Src/system_stm32f1xx.o
 .debug_aranges
                0x0000000000000240       0x28 ./Core/Startup/startup_stm32f103c6ux.o
 .debug_aranges
                0x0000000000000268       0xe0 ./Drivers/STM32F1xx_HAL_Driver/Src/stm32f1xx_hal.o
 .debug_aranges
                0x0000000000000348      0x100 ./Drivers/STM32F1xx_HAL_Driver/Src/stm32f1xx_hal_cortex.o
 .debug_aranges
                0x0000000000000448       0x58 ./Drivers/STM32F1xx_HAL_Driver/Src/stm32f1xx_hal_gpio.o
 .debug_aranges
                0x00000000000004a0       0x90 ./Drivers/STM32F1xx_HAL_Driver/Src/stm32f1xx_hal_rcc.o
 .debug_aranges
                0x0000000000000530      0x3d0 ./Drivers/STM32F1xx_HAL_Driver/Src/stm32f1xx_hal_tim.o
 .debug_aranges
                0x0000000000000900      0x168 ./Drivers/STM32F1xx_HAL_Driver/Src/stm32f1xx_hal_tim_ex.o

.debug_ranges   0x0000000000000000      0x948
 .debug_ranges  0x0000000000000000       0x20 ./Core/Src/button_reading.o
 .debug_ranges  0x0000000000000020       0x28 ./Core/Src/displaysevensegment.o
 .debug_ranges  0x0000000000000048       0x10 ./Core/Src/fsm_simple.o
 .debug_ranges  0x0000000000000058       0x18 ./Core/Src/ledred.o
 .debug_ranges  0x0000000000000070       0x38 ./Core/Src/main.o
 .debug_ranges  0x00000000000000a8       0x28 ./Core/Src/processing.o
 .debug_ranges  0x00000000000000d0       0x28 ./Core/Src/softwaretimer.o
 .debug_ranges  0x00000000000000f8       0x20 ./Core/Src/stm32f1xx_hal_msp.o
 .debug_ranges  0x0000000000000118       0x58 ./Core/Src/stm32f1xx_it.o
 .debug_ranges  0x0000000000000170       0x18 ./Core/Src/system_stm32f1xx.o
 .debug_ranges  0x0000000000000188       0x20 ./Core/Startup/startup_stm32f103c6ux.o
 .debug_ranges  0x00000000000001a8       0xd0 ./Drivers/STM32F1xx_HAL_Driver/Src/stm32f1xx_hal.o
 .debug_ranges  0x0000000000000278       0xf0 ./Drivers/STM32F1xx_HAL_Driver/Src/stm32f1xx_hal_cortex.o
 .debug_ranges  0x0000000000000368       0x48 ./Drivers/STM32F1xx_HAL_Driver/Src/stm32f1xx_hal_gpio.o
 .debug_ranges  0x00000000000003b0       0x80 ./Drivers/STM32F1xx_HAL_Driver/Src/stm32f1xx_hal_rcc.o
 .debug_ranges  0x0000000000000430      0x3c0 ./Drivers/STM32F1xx_HAL_Driver/Src/stm32f1xx_hal_tim.o
 .debug_ranges  0x00000000000007f0      0x158 ./Drivers/STM32F1xx_HAL_Driver/Src/stm32f1xx_hal_tim_ex.o

.debug_macro    0x0000000000000000    0x1725d
 .debug_macro   0x0000000000000000      0x219 ./Core/Src/button_reading.o
 .debug_macro   0x0000000000000219      0xa9c ./Core/Src/button_reading.o
 .debug_macro   0x0000000000000cb5      0x215 ./Core/Src/button_reading.o
 .debug_macro   0x0000000000000eca       0x2e ./Core/Src/button_reading.o
 .debug_macro   0x0000000000000ef8       0x22 ./Core/Src/button_reading.o
 .debug_macro   0x0000000000000f1a       0x22 ./Core/Src/button_reading.o
 .debug_macro   0x0000000000000f3c       0x8e ./Core/Src/button_reading.o
 .debug_macro   0x0000000000000fca       0x51 ./Core/Src/button_reading.o
 .debug_macro   0x000000000000101b      0x103 ./Core/Src/button_reading.o
 .debug_macro   0x000000000000111e       0x6a ./Core/Src/button_reading.o
 .debug_macro   0x0000000000001188      0x1df ./Core/Src/button_reading.o
 .debug_macro   0x0000000000001367       0x1c ./Core/Src/button_reading.o
 .debug_macro   0x0000000000001383       0x22 ./Core/Src/button_reading.o
 .debug_macro   0x00000000000013a5       0xc3 ./Core/Src/button_reading.o
 .debug_macro   0x0000000000001468      0xd23 ./Core/Src/button_reading.o
 .debug_macro   0x000000000000218b     0xde75 ./Core/Src/button_reading.o
 .debug_macro   0x0000000000010000       0x6d ./Core/Src/button_reading.o
 .debug_macro   0x000000000001006d     0x3468 ./Core/Src/button_reading.o
 .debug_macro   0x00000000000134d5      0x174 ./Core/Src/button_reading.o
 .debug_macro   0x0000000000013649       0x5c ./Core/Src/button_reading.o
 .debug_macro   0x00000000000136a5      0x5be ./Core/Src/button_reading.o
 .debug_macro   0x0000000000013c63      0x1b7 ./Core/Src/button_reading.o
 .debug_macro   0x0000000000013e1a      0x1cb ./Core/Src/button_reading.o
 .debug_macro   0x0000000000013fe5      0x114 ./Core/Src/button_reading.o
 .debug_macro   0x00000000000140f9      0x1b2 ./Core/Src/button_reading.o
 .debug_macro   0x00000000000142ab       0x27 ./Core/Src/button_reading.o
 .debug_macro   0x00000000000142d2      0x12f ./Core/Src/button_reading.o
 .debug_macro   0x0000000000014401      0x1bc ./Core/Src/button_reading.o
 .debug_macro   0x00000000000145bd       0x34 ./Core/Src/button_reading.o
 .debug_macro   0x00000000000145f1       0x3c ./Core/Src/button_reading.o
 .debug_macro   0x000000000001462d       0x57 ./Core/Src/button_reading.o
 .debug_macro   0x0000000000014684       0x88 ./Core/Src/button_reading.o
 .debug_macro   0x000000000001470c      0x183 ./Core/Src/button_reading.o
 .debug_macro   0x000000000001488f      0x141 ./Core/Src/button_reading.o
 .debug_macro   0x00000000000149d0      0x8d1 ./Core/Src/button_reading.o
 .debug_macro   0x00000000000152a1       0x69 ./Core/Src/button_reading.o
 .debug_macro   0x000000000001530a       0x88 ./Core/Src/button_reading.o
 .debug_macro   0x0000000000015392       0x8e ./Core/Src/button_reading.o
 .debug_macro   0x0000000000015420       0x1c ./Core/Src/button_reading.o
 .debug_macro   0x000000000001543c       0x7c ./Core/Src/button_reading.o
 .debug_macro   0x00000000000154b8       0x16 ./Core/Src/button_reading.o
 .debug_macro   0x00000000000154ce      0x20d ./Core/Src/displaysevensegment.o
 .debug_macro   0x00000000000156db       0x1c ./Core/Src/displaysevensegment.o
 .debug_macro   0x00000000000156f7       0x16 ./Core/Src/displaysevensegment.o
 .debug_macro   0x000000000001570d      0x207 ./Core/Src/fsm_simple.o
 .debug_macro   0x0000000000015914      0x203 ./Core/Src/gloabal.o
 .debug_macro   0x0000000000015b17      0x207 ./Core/Src/ledred.o
 .debug_macro   0x0000000000015d1e      0x207 ./Core/Src/main.o
 .debug_macro   0x0000000000015f25      0x209 ./Core/Src/processing.o
 .debug_macro   0x000000000001612e      0x20d ./Core/Src/softwaretimer.o
 .debug_macro   0x000000000001633b      0x1a7 ./Core/Src/stm32f1xx_hal_msp.o
 .debug_macro   0x00000000000164e2      0x1b1 ./Core/Src/stm32f1xx_it.o
 .debug_macro   0x0000000000016693      0x198 ./Core/Src/system_stm32f1xx.o
 .debug_macro   0x000000000001682b      0x1bc ./Drivers/STM32F1xx_HAL_Driver/Src/stm32f1xx_hal.o
 .debug_macro   0x00000000000169e7      0x198 ./Drivers/STM32F1xx_HAL_Driver/Src/stm32f1xx_hal_cortex.o
 .debug_macro   0x0000000000016b7f      0x203 ./Drivers/STM32F1xx_HAL_Driver/Src/stm32f1xx_hal_gpio.o
 .debug_macro   0x0000000000016d82      0x1aa ./Drivers/STM32F1xx_HAL_Driver/Src/stm32f1xx_hal_rcc.o
 .debug_macro   0x0000000000016f2c      0x199 ./Drivers/STM32F1xx_HAL_Driver/Src/stm32f1xx_hal_tim.o
 .debug_macro   0x00000000000170c5      0x198 ./Drivers/STM32F1xx_HAL_Driver/Src/stm32f1xx_hal_tim_ex.o

.debug_line     0x0000000000000000     0xc621
 .debug_line    0x0000000000000000      0x7b3 ./Core/Src/button_reading.o
 .debug_line    0x00000000000007b3      0x766 ./Core/Src/displaysevensegment.o
 .debug_line    0x0000000000000f19      0x7f5 ./Core/Src/fsm_simple.o
 .debug_line    0x000000000000170e      0x6c8 ./Core/Src/gloabal.o
 .debug_line    0x0000000000001dd6      0x701 ./Core/Src/ledred.o
 .debug_line    0x00000000000024d7      0x7ff ./Core/Src/main.o
 .debug_line    0x0000000000002cd6      0x76e ./Core/Src/processing.o
 .debug_line    0x0000000000003444      0x768 ./Core/Src/softwaretimer.o
 .debug_line    0x0000000000003bac      0x6a1 ./Core/Src/stm32f1xx_hal_msp.o
 .debug_line    0x000000000000424d      0x73f ./Core/Src/stm32f1xx_it.o
 .debug_line    0x000000000000498c      0x6e3 ./Core/Src/system_stm32f1xx.o
 .debug_line    0x000000000000506f       0x87 ./Core/Startup/startup_stm32f103c6ux.o
 .debug_line    0x00000000000050f6      0x910 ./Drivers/STM32F1xx_HAL_Driver/Src/stm32f1xx_hal.o
 .debug_line    0x0000000000005a06      0xaf8 ./Drivers/STM32F1xx_HAL_Driver/Src/stm32f1xx_hal_cortex.o
 .debug_line    0x00000000000064fe      0x991 ./Drivers/STM32F1xx_HAL_Driver/Src/stm32f1xx_hal_gpio.o
 .debug_line    0x0000000000006e8f      0xd1e ./Drivers/STM32F1xx_HAL_Driver/Src/stm32f1xx_hal_rcc.o
 .debug_line    0x0000000000007bad     0x326e ./Drivers/STM32F1xx_HAL_Driver/Src/stm32f1xx_hal_tim.o
 .debug_line    0x000000000000ae1b     0x1806 ./Drivers/STM32F1xx_HAL_Driver/Src/stm32f1xx_hal_tim_ex.o

.debug_str      0x0000000000000000    0x82528
 .debug_str     0x0000000000000000    0x7f9e8 ./Core/Src/button_reading.o
                                      0x7fd42 (size before relaxing)
 .debug_str     0x000000000007f9e8       0xb2 ./Core/Src/displaysevensegment.o
                                      0x7fcd5 (size before relaxing)
 .debug_str     0x000000000007fa9a       0x30 ./Core/Src/fsm_simple.o
                                      0x7fbf8 (size before relaxing)
 .debug_str     0x000000000007faca       0x16 ./Core/Src/gloabal.o
                                      0x7fbde (size before relaxing)
 .debug_str     0x000000000007fae0       0x4f ./Core/Src/ledred.o
                                      0x7fc42 (size before relaxing)
 .debug_str     0x000000000007fb2f      0x6df ./Core/Src/main.o
                                      0x8039e (size before relaxing)
 .debug_str     0x000000000008020e       0x6d ./Core/Src/processing.o
                                      0x7fc35 (size before relaxing)
 .debug_str     0x000000000008027b       0x79 ./Core/Src/softwaretimer.o
                                      0x7fc55 (size before relaxing)
 .debug_str     0x00000000000802f4      0x2ba ./Core/Src/stm32f1xx_hal_msp.o
                                      0x7fec7 (size before relaxing)
 .debug_str     0x00000000000805ae       0xcd ./Core/Src/stm32f1xx_it.o
                                      0x7fc29 (size before relaxing)
 .debug_str     0x000000000008067b       0x52 ./Core/Src/system_stm32f1xx.o
                                      0x7f50b (size before relaxing)
 .debug_str     0x00000000000806cd       0x36 ./Core/Startup/startup_stm32f103c6ux.o
                                         0x76 (size before relaxing)
 .debug_str     0x0000000000080703      0x304 ./Drivers/STM32F1xx_HAL_Driver/Src/stm32f1xx_hal.o
                                      0x7fb62 (size before relaxing)
 .debug_str     0x0000000000080a07      0x300 ./Drivers/STM32F1xx_HAL_Driver/Src/stm32f1xx_hal_cortex.o
                                      0x7fb6a (size before relaxing)
 .debug_str     0x0000000000080d07      0x316 ./Drivers/STM32F1xx_HAL_Driver/Src/stm32f1xx_hal_gpio.o
                                      0x7f8cf (size before relaxing)
 .debug_str     0x000000000008101d      0x24f ./Drivers/STM32F1xx_HAL_Driver/Src/stm32f1xx_hal_rcc.o
                                      0x7f908 (size before relaxing)
 .debug_str     0x000000000008126c      0xdce ./Drivers/STM32F1xx_HAL_Driver/Src/stm32f1xx_hal_tim.o
                                      0x808da (size before relaxing)
 .debug_str     0x000000000008203a      0x4ee ./Drivers/STM32F1xx_HAL_Driver/Src/stm32f1xx_hal_tim_ex.o
                                      0x8008b (size before relaxing)

.comment        0x0000000000000000       0x53
 .comment       0x0000000000000000       0x53 ./Core/Src/button_reading.o
                                         0x54 (size before relaxing)
 .comment       0x0000000000000053       0x54 ./Core/Src/displaysevensegment.o
 .comment       0x0000000000000053       0x54 ./Core/Src/fsm_simple.o
 .comment       0x0000000000000053       0x54 ./Core/Src/gloabal.o
 .comment       0x0000000000000053       0x54 ./Core/Src/ledred.o
 .comment       0x0000000000000053       0x54 ./Core/Src/main.o
 .comment       0x0000000000000053       0x54 ./Core/Src/processing.o
 .comment       0x0000000000000053       0x54 ./Core/Src/softwaretimer.o
 .comment       0x0000000000000053       0x54 ./Core/Src/stm32f1xx_hal_msp.o
 .comment       0x0000000000000053       0x54 ./Core/Src/stm32f1xx_it.o
 .comment       0x0000000000000053       0x54 ./Core/Src/system_stm32f1xx.o
 .comment       0x0000000000000053       0x54 ./Drivers/STM32F1xx_HAL_Driver/Src/stm32f1xx_hal.o
 .comment       0x0000000000000053       0x54 ./Drivers/STM32F1xx_HAL_Driver/Src/stm32f1xx_hal_cortex.o
 .comment       0x0000000000000053       0x54 ./Drivers/STM32F1xx_HAL_Driver/Src/stm32f1xx_hal_gpio.o
 .comment       0x0000000000000053       0x54 ./Drivers/STM32F1xx_HAL_Driver/Src/stm32f1xx_hal_rcc.o
 .comment       0x0000000000000053       0x54 ./Drivers/STM32F1xx_HAL_Driver/Src/stm32f1xx_hal_tim.o
 .comment       0x0000000000000053       0x54 ./Drivers/STM32F1xx_HAL_Driver/Src/stm32f1xx_hal_tim_ex.o

.debug_frame    0x0000000000000000     0x2888
 .debug_frame   0x0000000000000000       0x84 ./Core/Src/button_reading.o
 .debug_frame   0x0000000000000084       0x9c ./Core/Src/displaysevensegment.o
 .debug_frame   0x0000000000000120       0x2c ./Core/Src/fsm_simple.o
 .debug_frame   0x000000000000014c       0x48 ./Core/Src/ledred.o
 .debug_frame   0x0000000000000194       0xd4 ./Core/Src/main.o
 .debug_frame   0x0000000000000268       0x80 ./Core/Src/processing.o
 .debug_frame   0x00000000000002e8       0xa8 ./Core/Src/softwaretimer.o
 .debug_frame   0x0000000000000390       0x80 ./Core/Src/stm32f1xx_hal_msp.o
 .debug_frame   0x0000000000000410      0x120 ./Core/Src/stm32f1xx_it.o
 .debug_frame   0x0000000000000530       0x58 ./Core/Src/system_stm32f1xx.o
 .debug_frame   0x0000000000000588      0x334 ./Drivers/STM32F1xx_HAL_Driver/Src/stm32f1xx_hal.o
 .debug_frame   0x00000000000008bc      0x428 ./Drivers/STM32F1xx_HAL_Driver/Src/stm32f1xx_hal_cortex.o
 .debug_frame   0x0000000000000ce4      0x14c ./Drivers/STM32F1xx_HAL_Driver/Src/stm32f1xx_hal_gpio.o
 .debug_frame   0x0000000000000e30      0x21c ./Drivers/STM32F1xx_HAL_Driver/Src/stm32f1xx_hal_rcc.o
 .debug_frame   0x000000000000104c     0x11b8 ./Drivers/STM32F1xx_HAL_Driver/Src/stm32f1xx_hal_tim.o
 .debug_frame   0x0000000000002204      0x638 ./Drivers/STM32F1xx_HAL_Driver/Src/stm32f1xx_hal_tim_ex.o
 .debug_frame   0x000000000000283c       0x2c c:/st/stm32cubeide_1.7.0/stm32cubeide/plugins/com.st.stm32cube.ide.mcu.externaltools.gnu-tools-for-stm32.9-2020-q2-update.win32_2.0.0.202105311346/tools/bin/../lib/gcc/arm-none-eabi/9.3.1/../../../../arm-none-eabi/lib/thumb/v7-m/nofp\libc_nano.a(lib_a-init.o)
 .debug_frame   0x0000000000002868       0x20 c:/st/stm32cubeide_1.7.0/stm32cubeide/plugins/com.st.stm32cube.ide.mcu.externaltools.gnu-tools-for-stm32.9-2020-q2-update.win32_2.0.0.202105311346/tools/bin/../lib/gcc/arm-none-eabi/9.3.1/../../../../arm-none-eabi/lib/thumb/v7-m/nofp\libc_nano.a(lib_a-memset.o)
